python : test_basic_scheduling (__main__.
TestScheduler.test_basic_scheduling)
At line:1 char:1
+ python verify_scheduler.py > test_outpu
t.txt 2>&1; cat test_output.tx ...
+ ~~~~~~~~~~~~~~~~~~~~~~~~~~~~~~~~~~~~~~~
~~~~~~~~~~
    + CategoryInfo          : NotSpecifi 
   ed: (test_basic_sche...sic_schedulin  
  g):String) [], RemoteException
    + FullyQualifiedErrorId : NativeComm 
   andError
 
Test basic scheduling without constraints
 ... 
